Microchip MPLAB XC8 Compiler V2.31

Linker command line:

-W-3 --edf=C:\Program Files\Microchip\xc8\v2.31\pic\dat\en_msgs.txt -cn \
  -h+dist/default/production\self_balnce_robot_car.X.production.sym \
  --cmf=dist/default/production\self_balnce_robot_car.X.production.cmf -z \
  -Q18F8527 -oC:\Users\HP\AppData\Local\Temp\sgi0.4 \
  --defsym=__MPLAB_BUILD=1 \
  -Mdist/default/production/self_balnce_robot_car.X.production.map -E1 \
  -ver=XC8 Compiler --acfsm=1493 -ASTACK=044Eh-0F5Fh -pstack=STACK \
  -ACODE=00h-0BFFFh -ACONST=00h-0BFFFh -ASMALLCONST=01000h-010FFhx176 \
  -AMEDIUMCONST=01000h-0BFFFh -ACOMRAM=01h-05Fh -AABS1=00h-0F5Fh \
  -ABIGRAM=01h-0F5Fh -ARAM=060h-0FFh,0100h-01FFhx14,0F00h-0F5Fh \
  -ABANK0=060h-0FFh -ABANK1=0100h-01FFh -ABANK2=0200h-02FFh \
  -ABANK3=0300h-03FFh -ABANK4=0400h-04FFh -ABANK5=0500h-05FFh \
  -ABANK6=0600h-06FFh -ABANK7=0700h-07FFh -ABANK8=0800h-08FFh \
  -ABANK9=0900h-09FFh -ABANK10=0A00h-0AFFh -ABANK11=0B00h-0BFFh \
  -ABANK12=0C00h-0CFFh -ABANK13=0D00h-0DFFh -ABANK14=0E00h-0EFFh \
  -ABANK15=0F00h-0F5Fh -ASFR=0F60h-0FFFh -ACONFIG=0300000h-030000Dh \
  -AIDLOC=0200000h-0200007h -AEEDATA=0F00000h-0F003FFh -peeprom_data=EEDATA \
  -preset_vec=00h,intcode=08h,intcodelo,powerup,init -pramtop=01000h \
  -psmallconst=SMALLCONST -pmediumconst=MEDIUMCONST -pconst=CONST \
  -AFARRAM=00h-00h \
  -prdata=COMRAM,nvrram=COMRAM,nvbit=COMRAM,rbss=COMRAM,rbit=COMRAM \
  -pfarbss=FARRAM,fardata=FARRAM,nvFARRAM=FARRAM \
  -pintsave_regs=BIGRAM,bigbss=BIGRAM,bigdata=BIGRAM -pbss=RAM \
  -pidata=CODE,irdata=CODE,ibigdata=CODE,ifardata=CODE -prparam=COMRAM \
  C:\Users\HP\AppData\Local\Temp\sgi0.o \
  dist/default/production\self_balnce_robot_car.X.production.o 

Object code version is 3.11

Machine type is 18F8527



                Name                               Link     Load   Length Selector   Space Scale
C:\Users\HP\AppData\Local\Temp\sgi0.o
                idloc                            200000   200000        8        0       5
                config                           300000   300000        E        0       4
                init                                 96       96        4        4       0
                reset_vec                             0        0        4        0       0
dist/default/production\self_balnce_robot_car.X.production.o
                intcode                               8        8       8E        4       0
                idloc                            200000   200000        8        0       5
                config                           300000   300000        E        0       4
                temp                                 5B       5B        1        1       1
                mediumconst                        BE5E     BE5E      1A2     5F2F       0
                text45                             14C0     14C0       16        4       0
                text44                             13A0     13A0       26        4       0
                text43                             153E     153E        8        4       0
                text42                             14E8     14E8       10        4       0
                text41                             1536     1536        8        4       0
                text40                              CF6      CF6       96        4       0
                text39                             152C     152C        A        4       0
                text38                             1478     1478       1A        4       0
                text37                             1522     1522        A        4       0
                text36                             145E     145E       1A        4       0
                text35                              A24      A24       D0        4       0
                text34                             14D6     14D6       12        4       0
                text33                             1428     1428       1C        4       0
                text32                              D8C      D8C       88        4       0
                text31                             1444     1444       1A        4       0
                text30                             1176     1176       4E        4       0
                text29                              86A      86A       EA        4       0
                text28                             133E     133E       38        4       0
                text27                             1376     1376       2A        4       0
                text26                             1492     1492       18        4       0
                text25                              954      954       D0        4       0
                text24                             1306     1306       38        4       0
                text23                             13EA     13EA       22        4       0
                text22                             1514     1514        E        4       0
                text21                              E98      E98       7A        4       0
                text20                             12CE     12CE       38        4       0
                text19                             1296     1296       38        4       0
                text18                             140C     140C       1C        4       0
                text17                              76C      76C       FE        4       0
                text16                             1126     1126       50        4       0
                text15                             13C6     13C6       24        4       0
                text14                               9A       9A      166        4       0
                text13                              E14      E14       84        4       0
                text12                             11C4     11C4       4C        4       0
                text11                              C60      C60       96        4       0
                text10                              BBA      BBA       A6        4       0
                text9                               F86      F86       72        4       0
                text8                              14AA     14AA       16        4       0
                text7                               F12      F12       74        4       0
                text6                              1068     1068       64        4       0
                text5                               200      200      164        4       0
                text4                               FF8      FF8       70        4       0
                text3                              125A     125A       3C        4       0
                text2                               622      622      14A        4       0
                text1                               4C4      4C4      15E        4       0
                text0                               364      364      160        4       0
                cstackCOMRAM                          1        1       32        1       1
                cstackBANK0                          60       60       6E       60       1
                bssBIGRAM                           25A      25A      1F4      25A       1
                dataBANK2                           200      200       5A      200       1
                dataBANK1                           18C      18C       4A      100       1
                bssBANK1                            100      100       8C      100       1
                dataBANK0                            E2       E2        E       60       1
                bssBANK0                             CE       CE       14       60       1
                dataCOMRAM                           4D       4D        E        1       1
                bssCOMRAM                            33       33       1A        1       1
                cinit                               AF4      AF4       C6        4       0
                idataBANK2                         10CC     10CC       5A        4       0
                idataBANK1                         1210     1210       4A        4       0
                idataBANK0                         1506     1506        E        4       0
                idataCOMRAM                        14F8     14F8        E        4       0

TOTAL           Name                               Link     Load   Length     Space
        CLASS   STACK          

        CLASS   CODE           
                intcode                               8        8       8E         0
                init                                 96       96        4         0
                reset_vec                             0        0        4         0
                text45                             14C0     14C0       16         0
                text44                             13A0     13A0       26         0
                text43                             153E     153E        8         0
                text42                             14E8     14E8       10         0
                text41                             1536     1536        8         0
                text40                              CF6      CF6       96         0
                text39                             152C     152C        A         0
                text38                             1478     1478       1A         0
                text37                             1522     1522        A         0
                text36                             145E     145E       1A         0
                text35                              A24      A24       D0         0
                text34                             14D6     14D6       12         0
                text33                             1428     1428       1C         0
                text32                              D8C      D8C       88         0
                text31                             1444     1444       1A         0
                text30                             1176     1176       4E         0
                text29                              86A      86A       EA         0
                text28                             133E     133E       38         0
                text27                             1376     1376       2A         0
                text26                             1492     1492       18         0
                text25                              954      954       D0         0
                text24                             1306     1306       38         0
                text23                             13EA     13EA       22         0
                text22                             1514     1514        E         0
                text21                              E98      E98       7A         0
                text20                             12CE     12CE       38         0
                text19                             1296     1296       38         0
                text18                             140C     140C       1C         0
                text17                              76C      76C       FE         0
                text16                             1126     1126       50         0
                text15                             13C6     13C6       24         0
                text14                               9A       9A      166         0
                text13                              E14      E14       84         0
                text12                             11C4     11C4       4C         0
                text11                              C60      C60       96         0
                text10                              BBA      BBA       A6         0
                text9                               F86      F86       72         0
                text8                              14AA     14AA       16         0
                text7                               F12      F12       74         0
                text6                              1068     1068       64         0
                text5                               200      200      164         0
                text4                               FF8      FF8       70         0
                text3                              125A     125A       3C         0
                text2                               622      622      14A         0
                text1                               4C4      4C4      15E         0
                text0                               364      364      160         0
                cinit                               AF4      AF4       C6         0
                idataBANK2                         10CC     10CC       5A         0
                idataBANK1                         1210     1210       4A         0
                idataBANK0                         1506     1506        E         0
                idataCOMRAM                        14F8     14F8        E         0

        CLASS   CONST          

        CLASS   SMALLCONST     

        CLASS   MEDIUMCONST    
                mediumconst                        BE5E     BE5E      1A2         0

        CLASS   COMRAM         
                temp                                 5B       5B        1         1
                cstackCOMRAM                          1        1       32         1
                dataCOMRAM                           4D       4D        E         1
                bssCOMRAM                            33       33       1A         1

        CLASS   ABS1           

        CLASS   BIGRAM         
                bssBIGRAM                           25A      25A      1F4         1

        CLASS   RAM            

        CLASS   BANK0          
                cstackBANK0                          60       60       6E         1
                dataBANK0                            E2       E2        E         1
                bssBANK0                             CE       CE       14         1

        CLASS   BANK1          
                dataBANK1                           18C      18C       4A         1
                bssBANK1                            100      100       8C         1

        CLASS   BANK2          
                dataBANK2                           200      200       5A         1

        CLASS   BANK3          

        CLASS   BANK4          

        CLASS   BANK5          

        CLASS   BANK6          

        CLASS   BANK7          

        CLASS   BANK8          

        CLASS   BANK9          

        CLASS   BANK10         

        CLASS   BANK11         

        CLASS   BANK12         

        CLASS   BANK13         

        CLASS   BANK14         

        CLASS   BANK15         

        CLASS   SFR            

        CLASS   CONFIG         
                config                           300000   300000        E         4

        CLASS   IDLOC          
                idloc                            200000   200000        8         5

        CLASS   EEDATA         

        CLASS   FARRAM         



SEGMENTS        Name                           Load    Length   Top    Selector   Space  Class

                reset_vec                      000000  000004  000004         0       0  CODE    
                cstackCOMRAM                   000001  00005B  00005C         1       1  COMRAM  
                intcode                        000008  00153E  001546         4       0  CODE    
                cstackBANK0                    000060  000090  0000F0        60       1  BANK0   
                bssBANK1                       000100  0000D6  0001D6       100       1  BANK1   
                dataBANK2                      000200  00005A  00025A       200       1  BANK2   
                bssBIGRAM                      00025A  0001F4  00044E       25A       1  BIGRAM  
                mediumconst                    00BE5E  0001A2  00C000      5F2F       0  MEDIUMCO


UNUSED ADDRESS RANGES

        Name                Unused          Largest block    Delta
        BANK0            0000F0-0000FF               10
        BANK1            0001D6-0001FF               2A
        BANK10           000A00-000AFF              100
        BANK11           000B00-000BFF              100
        BANK12           000C00-000CFF              100
        BANK13           000D00-000DFF              100
        BANK14           000E00-000EFF              100
        BANK15           000F00-000F5F               60
        BANK4            00044E-0004FF               B2
        BANK5            000500-0005FF              100
        BANK6            000600-0006FF              100
        BANK7            000700-0007FF              100
        BANK8            000800-0008FF              100
        BANK9            000900-0009FF              100
        BIGRAM           00005C-00005F                4
                         0000F0-0000FF               10
                         0001D6-0001FF               2A
                         00044E-000F5F              B12
        CODE             000004-000007                4
                         001546-00BE5D             A918
        COMRAM           00005C-00005F                4
        CONST            000004-000007                4
                         001546-00BE5D             A918
        EEDATA           F00000-F003FF              400
        MEDIUMCONST      001546-00BE5D             A918
        RAM              0000F0-0000FF               10
                         0001D6-0001FF               2A
                         00044E-000F5F              100
        SFR              000F60-000FFF               A0
        SMALLCONST       001546-00BE5D              100
        STACK            00044E-000F5F              B12

                                  Symbol Table

?_MPU6050_Read                      cstackCOMRAM 000005
?___lwdiv                           cstackCOMRAM 000003
?___lwmod                           cstackCOMRAM 00000A
?_send_req_data                     cstackCOMRAM 000028
?_sprintf                           cstackCOMRAM 00000F
?_strchr                            cstackCOMRAM 000003
?_strlen                            cstackCOMRAM 000003
?_strncmp                           cstackCOMRAM 000007
?_strstr                            cstackCOMRAM 00000E
I2C_Master_Write@Data               cstackCOMRAM 000004
MPU6050_Read@Ax                     cstackCOMRAM 000017
MPU6050_Read@Az                     cstackCOMRAM 00000D
MPU6050_Read@Gx                     cstackCOMRAM 00000F
MPU6050_Read@Gy                     cstackCOMRAM 000011
MPU6050_Read@Gz                     cstackCOMRAM 000013
MPU6050_Read@T                      cstackCOMRAM 000015
UART_Write_AT@_data                 cstackCOMRAM 000009
_ACKDT                              (abs)        007E2D
_ACKEN                              (abs)        007E2C
_APIP                               bssBANK1     00015A
_APMAC                              bssBANK1     00013C
_AT_CIFSR                           mediumconst  00BEC8
_AT_CIPCLOSE                        mediumconst  00BE6D
_AT_CIPMUX                          mediumconst  00BE94
_AT_CIPSERVER                       mediumconst  00BE5F
_AT_CIPSTART                        mediumconst  00BE7A
_AT_CIPSTATUS                       mediumconst  00BE87
_AT_CWJAP                           mediumconst  00BEBE
_AT_CWLAP                           mediumconst  00BEDA
_AT_CWMODE                          mediumconst  00BE9F
_AT_CWQAP                           mediumconst  00BED1
_AT_CWSAP                           mediumconst  00BEB4
_AT_RST                             mediumconst  00BEE3
_BRGH                               (abs)        007D62
_CREN                               (abs)        007D5C
_GIE                                (abs)        007F97
_I2C_ACK                            text39       00152C
_I2C_Master_Init                    text45       0014C0
_I2C_Master_Stop                    text43       00153E
_I2C_Master_Write                   text42       0014E8
_I2C_NACK                           text37       001522
_I2C_Read                           text38       001478
_I2C_Read_NACK                      text36       00145E
_I2C_Start                          text41       001536
_I2C_Wait                           text44       0013A0
_ISR                                intcode      000008
_MPU6050_Init                       text40       000CF6
_MPU6050_Read                       text35       000A24
_PCFG0                              (abs)        007E08
_PCFG1                              (abs)        007E09
_PCFG2                              (abs)        007E0A
_PCFG3                              (abs)        007E0B
_PEIE                               (abs)        007F96
_PEN                                (abs)        007E2A
_RC1                                (abs)        007C11
_RCEN                               (abs)        007E2B
_RCIE                               (abs)        007CED
_RCIF                               (abs)        007CF5
_RCREG                              (abs)        000FAE
_RE0                                (abs)        007C20
_RE5                                (abs)        007C25
_RE7                                (abs)        007C27
_RF6                                (abs)        007C2E
_RH0                                (abs)        007C38
_RH5                                (abs)        007C3D
_RH7                                (abs)        007C3F
_RSEN                               (abs)        007E29
_SEN                                (abs)        007E28
_SPBRG                              (abs)        000FAF
_SPEN                               (abs)        007D5F
_SSID                               dataCOMRAM   00004F
_SSPADD                             (abs)        000FC8
_SSPBUF                             (abs)        000FC9
_SSPCON1                            (abs)        000FC6
_SSPCON2                            (abs)        000FC5
_SSPIF                              (abs)        007CF3
_SSPSTAT                            (abs)        000FC7
_STAIP                              bssBANK1     00011E
_STAMAC                             bssBANK1     000100
_SYNC                               (abs)        007D64
_TRISB0                             (abs)        007C98
_TRISC1                             (abs)        007CA1
_TRISC3                             (abs)        007CA3
_TRISC4                             (abs)        007CA4
_TRISC6                             (abs)        007CA6
_TRISC7                             (abs)        007CA7
_TRISE                              (abs)        000F96
_TRISF6                             (abs)        007CBE
_TRISH                              (abs)        000F99
_TRMT                               (abs)        007D61
_TXEN                               (abs)        007D65
_TXREG                              (abs)        000FAD
_UART_Write_AT                      text31       001444
_WiFi_Config                        text17       00076C
__HRAM                              (abs)        000000
__Habs1                             abs1         000000
__Hbank0                            bank0        000000
__Hbank1                            bank1        000000
__Hbank10                           bank10       000000
__Hbank11                           bank11       000000
__Hbank12                           bank12       000000
__Hbank13                           bank13       000000
__Hbank14                           bank14       000000
__Hbank15                           bank15       000000
__Hbank2                            bank2        000000
__Hbank3                            bank3        000000
__Hbank4                            bank4        000000
__Hbank5                            bank5        000000
__Hbank6                            bank6        000000
__Hbank7                            bank7        000000
__Hbank8                            bank8        000000
__Hbank9                            bank9        000000
__Hbigbss                           bigbss       000000
__Hbigdata                          bigdata      000000
__Hbigram                           bigram       000000
__Hbss                              bss          000000
__HbssBANK0                         bssBANK0     000000
__HbssBANK1                         bssBANK1     000000
__HbssBIGRAM                        bssBIGRAM    000000
__HbssCOMRAM                        bssCOMRAM    000000
__Hcinit                            cinit        000000
__Hclrtext                          clrtext      000000
__Hcomram                           comram       000000
__Hconfig                           config       30000E
__Hconst                            const        000000
__HcstackBANK0                      cstackBANK0  000000
__HcstackCOMRAM                     cstackCOMRAM 000000
__Hdata                             data         000000
__HdataBANK0                        dataBANK0    000000
__HdataBANK1                        dataBANK1    000000
__HdataBANK2                        dataBANK2    000000
__HdataCOMRAM                       dataCOMRAM   000000
__Heeprom_data                      eeprom_data  000000
__Hfarbss                           farbss       000000
__Hfardata                          fardata      000000
__Hibigdata                         ibigdata     000000
__Hidata                            idata        000000
__HidataBANK0                       idataBANK0   000000
__HidataBANK1                       idataBANK1   000000
__HidataBANK2                       idataBANK2   000000
__HidataCOMRAM                      idataCOMRAM  000000
__Hidloc                            idloc        200008
__Hifardata                         ifardata     000000
__Hinit                             init         00009A
__Hintcode                          intcode      000096
__Hintcode_body                     intcode_body 000000
__Hintcodelo                        intcodelo    000096
__Hintentry                         intentry     000000
__Hintret                           intret       000000
__Hintsave_regs                     intsave_regs 000000
__Hirdata                           irdata       000000
__Hmediumconst                      mediumconst  00C000
__HnvFARRAM                         nvFARRAM     000000
__Hnvbit                            nvbit        000000
__Hnvrram                           nvrram       000000
__Hparam                            rparam       000000
__Hpowerup                          powerup      000096
__Hram                              ram          000000
__Hramtop                           ramtop       001000
__Hrbit                             rbit         000000
__Hrbss                             rbss         000000
__Hrdata                            rdata        000000
__Hreset_vec                        reset_vec    000004
__Hrparam                           rparam       000000
__Hsfr                              sfr          000000
__Hsmallconst                       smallconst   000000
__Hspace_0                          (abs)        00C000
__Hspace_1                          (abs)        00044E
__Hspace_2                          (abs)        000000
__Hspace_4                          (abs)        60000E
__Hstack                            stack        000000
__Hstruct                           struct       000000
__Htemp                             temp         00005C
__Htext                             text         000000
__Htext0                            text0        000000
__Htext1                            text1        000000
__Htext10                           text10       000000
__Htext11                           text11       000000
__Htext12                           text12       000000
__Htext13                           text13       000000
__Htext14                           text14       000000
__Htext15                           text15       000000
__Htext16                           text16       000000
__Htext17                           text17       000000
__Htext18                           text18       000000
__Htext19                           text19       000000
__Htext2                            text2        000000
__Htext20                           text20       000000
__Htext21                           text21       000000
__Htext22                           text22       000000
__Htext23                           text23       000000
__Htext24                           text24       000000
__Htext25                           text25       000000
__Htext26                           text26       000000
__Htext27                           text27       000000
__Htext28                           text28       000000
__Htext29                           text29       000000
__Htext3                            text3        000000
__Htext30                           text30       000000
__Htext31                           text31       000000
__Htext32                           text32       000000
__Htext33                           text33       000000
__Htext34                           text34       000000
__Htext35                           text35       000000
__Htext36                           text36       000000
__Htext37                           text37       000000
__Htext38                           text38       000000
__Htext39                           text39       000000
__Htext4                            text4        000000
__Htext40                           text40       000000
__Htext41                           text41       000000
__Htext42                           text42       000000
__Htext43                           text43       000000
__Htext44                           text44       000000
__Htext45                           text45       000000
__Htext5                            text5        000000
__Htext6                            text6        000000
__Htext7                            text7        000000
__Htext8                            text8        000000
__Htext9                            text9        000000
__LRAM                              (abs)        000001
__Labs1                             abs1         000000
__Lbank0                            bank0        000000
__Lbank1                            bank1        000000
__Lbank10                           bank10       000000
__Lbank11                           bank11       000000
__Lbank12                           bank12       000000
__Lbank13                           bank13       000000
__Lbank14                           bank14       000000
__Lbank15                           bank15       000000
__Lbank2                            bank2        000000
__Lbank3                            bank3        000000
__Lbank4                            bank4        000000
__Lbank5                            bank5        000000
__Lbank6                            bank6        000000
__Lbank7                            bank7        000000
__Lbank8                            bank8        000000
__Lbank9                            bank9        000000
__Lbigbss                           bigbss       000000
__Lbigdata                          bigdata      000000
__Lbigram                           bigram       000000
__Lbss                              bss          000000
__LbssBANK0                         bssBANK0     000000
__LbssBANK1                         bssBANK1     000000
__LbssBIGRAM                        bssBIGRAM    000000
__LbssCOMRAM                        bssCOMRAM    000000
__Lcinit                            cinit        000000
__Lclrtext                          clrtext      000000
__Lcomram                           comram       000000
__Lconfig                           config       000000
__Lconst                            const        000000
__LcstackBANK0                      cstackBANK0  000000
__LcstackCOMRAM                     cstackCOMRAM 000000
__Ldata                             data         000000
__LdataBANK0                        dataBANK0    000000
__LdataBANK1                        dataBANK1    000000
__LdataBANK2                        dataBANK2    000000
__LdataCOMRAM                       dataCOMRAM   000000
__Leeprom_data                      eeprom_data  000000
__Lfarbss                           farbss       000000
__Lfardata                          fardata      000000
__Libigdata                         ibigdata     000000
__Lidata                            idata        000000
__LidataBANK0                       idataBANK0   000000
__LidataBANK1                       idataBANK1   000000
__LidataBANK2                       idataBANK2   000000
__LidataCOMRAM                      idataCOMRAM  000000
__Lidloc                            idloc        000000
__Lifardata                         ifardata     000000
__Linit                             init         000096
__Lintcode                          intcode      000008
__Lintcode_body                     intcode_body 000000
__Lintcodelo                        intcodelo    000096
__Lintentry                         intentry     000000
__Lintret                           intret       000000
__Lintsave_regs                     intsave_regs 000000
__Lirdata                           irdata       000000
__Lmediumconst                      mediumconst  00BE5E
__LnvFARRAM                         nvFARRAM     000000
__Lnvbit                            nvbit        000000
__Lnvrram                           nvrram       000000
__Lparam                            rparam       000000
__Lpowerup                          powerup      000096
__Lram                              ram          000000
__Lramtop                           ramtop       001000
__Lrbit                             rbit         000000
__Lrbss                             rbss         000000
__Lrdata                            rdata        000000
__Lreset_vec                        reset_vec    000000
__Lrparam                           rparam       000000
__Lsfr                              sfr          000000
__Lsmallconst                       smallconst   000000
__Lspace_0                          (abs)        000000
__Lspace_1                          (abs)        000000
__Lspace_2                          (abs)        000000
__Lspace_4                          (abs)        000000
__Lstack                            stack        000000
__Lstruct                           struct       000000
__Ltemp                             temp         00005B
__Ltext                             text         000000
__Ltext0                            text0        000000
__Ltext1                            text1        000000
__Ltext10                           text10       000000
__Ltext11                           text11       000000
__Ltext12                           text12       000000
__Ltext13                           text13       000000
__Ltext14                           text14       000000
__Ltext15                           text15       000000
__Ltext16                           text16       000000
__Ltext17                           text17       000000
__Ltext18                           text18       000000
__Ltext19                           text19       000000
__Ltext2                            text2        000000
__Ltext20                           text20       000000
__Ltext21                           text21       000000
__Ltext22                           text22       000000
__Ltext23                           text23       000000
__Ltext24                           text24       000000
__Ltext25                           text25       000000
__Ltext26                           text26       000000
__Ltext27                           text27       000000
__Ltext28                           text28       000000
__Ltext29                           text29       000000
__Ltext3                            text3        000000
__Ltext30                           text30       000000
__Ltext31                           text31       000000
__Ltext32                           text32       000000
__Ltext33                           text33       000000
__Ltext34                           text34       000000
__Ltext35                           text35       000000
__Ltext36                           text36       000000
__Ltext37                           text37       000000
__Ltext38                           text38       000000
__Ltext39                           text39       000000
__Ltext4                            text4        000000
__Ltext40                           text40       000000
__Ltext41                           text41       000000
__Ltext42                           text42       000000
__Ltext43                           text43       000000
__Ltext44                           text44       000000
__Ltext45                           text45       000000
__Ltext5                            text5        000000
__Ltext6                            text6        000000
__Ltext7                            text7        000000
__Ltext8                            text8        000000
__Ltext9                            text9        000000
__S0                                (abs)        00C000
__S1                                (abs)        00044E
__S2                                (abs)        000000
__S4                                (abs)        000000
__S5                                (abs)        000000
___extmem_base                      (abs)        00C000
___inthi_sp                         stack        000000
___intlo_sp                         stack        000000
___lwdiv                            text7        000F12
___lwdiv@counter                    cstackCOMRAM 000009
___lwdiv@dividend                   cstackCOMRAM 000003
___lwdiv@divisor                    cstackCOMRAM 000005
___lwdiv@quotient                   cstackCOMRAM 000007
___lwmod                            text6        001068
___lwmod@counter                    cstackCOMRAM 00000E
___lwmod@dividend                   cstackCOMRAM 00000A
___lwmod@divisor                    cstackCOMRAM 00000C
___param_bank                       (abs)        000000
___rparam_used                      (abs)        000001
___sp                               stack        000000
__accesstop                         (abs)        000060
__activetblptr                      (abs)        000002
__end_of_AT_CIFSR                   mediumconst  00BED1
__end_of_AT_CIPCLOSE                mediumconst  00BE7A
__end_of_AT_CIPMUX                  mediumconst  00BE9F
__end_of_AT_CIPSERVER               mediumconst  00BE6D
__end_of_AT_CIPSTART                mediumconst  00BE87
__end_of_AT_CIPSTATUS               mediumconst  00BE94
__end_of_AT_CWJAP                   mediumconst  00BEC8
__end_of_AT_CWLAP                   mediumconst  00BEE3
__end_of_AT_CWMODE                  mediumconst  00BEAA
__end_of_AT_CWQAP                   mediumconst  00BEDA
__end_of_AT_CWSAP                   mediumconst  00BEBE
__end_of_AT_RST                     mediumconst  00BEEA
__end_of_I2C_ACK                    text39       001536
__end_of_I2C_Master_Init            text45       0014D6
__end_of_I2C_Master_Stop            text43       001546
__end_of_I2C_Master_Write           text42       0014F8
__end_of_I2C_NACK                   text37       00152C
__end_of_I2C_Read                   text38       001492
__end_of_I2C_Read_NACK              text36       001478
__end_of_I2C_Start                  text41       00153E
__end_of_I2C_Wait                   text44       0013C6
__end_of_ISR                        intcode      000096
__end_of_MPU6050_Init               text40       000D8C
__end_of_MPU6050_Read               text35       000AF4
__end_of_OK                         mediumconst  00BEEE
__end_of_UART_Write_AT              text31       00145E
__end_of_WiFi_Config                text17       00086A
__end_of___lwdiv                    text7        000F86
__end_of___lwmod                    text6        0010CC
__end_of__initialization            cinit        000BAC
__end_of_ap_and_station_mode        text24       00133E
__end_of_check_connected_ap         text23       00140C
__end_of_check_ok                   text8        0014C0
__end_of_config                     text16       001176
__end_of_connected_to_ap            text21       000F12
__end_of_connected_to_thingspeak    text15       0013EA
__end_of_disconnect_ap              text20       001306
__end_of_do_move                    text14       000200
__end_of_dpowers                    mediumconst  00BEB4
__end_of_find_get_string            text9        000FF8
__end_of_find_string                text29       000954
__end_of_main                       text0        0004C4
__end_of_memset                     text28       001376
__end_of_mult_connection            text19       0012CE
__end_of_new_line                   text22       001522
__end_of_no_change                  mediumconst  00BEEC
__end_of_port                       mediumconst  00BEF1
__end_of_ready                      mediumconst  00BEED
__end_of_reset_buff                 text27       0013A0
__end_of_reset_wifi                 text18       001428
__end_of_response_success           text25       000A24
__end_of_send_data_direct           text2        00076C
__end_of_send_ready                 mediumconst  00BEEB
__end_of_send_req_data              text1        000622
__end_of_sprintf                    text5        000364
__end_of_strcat                     text4        001068
__end_of_strchr                     text12       001210
__end_of_strcpy                     text3        001296
__end_of_strlen                     text30       0011C4
__end_of_strncmp                    text11       000CF6
__end_of_strncpy                    text13       000E98
__end_of_strstr                     text10       000C60
__end_of_uart_char_write            text33       001444
__end_of_uart_init                  text34       0014E8
__end_of_uart_read_int              text26       0014AA
__end_of_uart_text_write            text32       000E14
__initialization                    cinit        000AF4
__mediumconst                       mediumconst  00BE5E
__pbssBANK0                         bssBANK0     0000CE
__pbssBANK1                         bssBANK1     000100
__pbssBIGRAM                        bssBIGRAM    00025A
__pbssCOMRAM                        bssCOMRAM    000033
__pcinit                            cinit        000AF4
__pcstackBANK0                      cstackBANK0  000060
__pcstackCOMRAM                     cstackCOMRAM 000001
__pdataBANK0                        dataBANK0    0000E2
__pdataBANK1                        dataBANK1    00018C
__pdataBANK2                        dataBANK2    000200
__pdataCOMRAM                       dataCOMRAM   00004D
__pidataBANK0                       idataBANK0   001506
__pidataBANK1                       idataBANK1   001210
__pidataBANK2                       idataBANK2   0010CC
__pidataCOMRAM                      idataCOMRAM  0014F8
__pintcode                          intcode      000008
__pmediumconst                      mediumconst  00BE5E
__ptext0                            text0        000364
__ptext1                            text1        0004C4
__ptext10                           text10       000BBA
__ptext11                           text11       000C60
__ptext12                           text12       0011C4
__ptext13                           text13       000E14
__ptext14                           text14       00009A
__ptext15                           text15       0013C6
__ptext16                           text16       001126
__ptext17                           text17       00076C
__ptext18                           text18       00140C
__ptext19                           text19       001296
__ptext2                            text2        000622
__ptext20                           text20       0012CE
__ptext21                           text21       000E98
__ptext22                           text22       001514
__ptext23                           text23       0013EA
__ptext24                           text24       001306
__ptext25                           text25       000954
__ptext26                           text26       001492
__ptext27                           text27       001376
__ptext28                           text28       00133E
__ptext29                           text29       00086A
__ptext3                            text3        00125A
__ptext30                           text30       001176
__ptext31                           text31       001444
__ptext32                           text32       000D8C
__ptext33                           text33       001428
__ptext34                           text34       0014D6
__ptext35                           text35       000A24
__ptext36                           text36       00145E
__ptext37                           text37       001522
__ptext38                           text38       001478
__ptext39                           text39       00152C
__ptext4                            text4        000FF8
__ptext40                           text40       000CF6
__ptext41                           text41       001536
__ptext42                           text42       0014E8
__ptext43                           text43       00153E
__ptext44                           text44       0013A0
__ptext45                           text45       0014C0
__ptext5                            text5        000200
__ptext6                            text6        001068
__ptext7                            text7        000F12
__ptext8                            text8        0014AA
__ptext9                            text9        000F86
__ramtop                            ramtop       001000
__size_of_I2C_ACK                   (abs)        000000
__size_of_I2C_Master_Init           (abs)        000000
__size_of_I2C_Master_Stop           (abs)        000000
__size_of_I2C_Master_Write          (abs)        000000
__size_of_I2C_NACK                  (abs)        000000
__size_of_I2C_Read                  (abs)        000000
__size_of_I2C_Read_NACK             (abs)        000000
__size_of_I2C_Start                 (abs)        000000
__size_of_I2C_Wait                  (abs)        000000
__size_of_ISR                       (abs)        000000
__size_of_MPU6050_Init              (abs)        000000
__size_of_MPU6050_Read              (abs)        000000
__size_of_UART_Write_AT             (abs)        000000
__size_of_WiFi_Config               (abs)        000000
__size_of___lwdiv                   (abs)        000000
__size_of___lwmod                   (abs)        000000
__size_of_ap_and_station_mode       (abs)        000000
__size_of_check_connected_ap        (abs)        000000
__size_of_check_ok                  (abs)        000000
__size_of_config                    (abs)        000000
__size_of_connected_to_ap           (abs)        000000
__size_of_connected_to_thingspeak   (abs)        000000
__size_of_disconnect_ap             (abs)        000000
__size_of_do_move                   (abs)        000000
__size_of_find_get_string           (abs)        000000
__size_of_find_string               (abs)        000000
__size_of_main                      (abs)        000000
__size_of_memset                    (abs)        000000
__size_of_mult_connection           (abs)        000000
__size_of_new_line                  (abs)        000000
__size_of_reset_buff                (abs)        000000
__size_of_reset_wifi                (abs)        000000
__size_of_response_success          (abs)        000000
__size_of_send_data_direct          (abs)        000000
__size_of_send_req_data             (abs)        000000
__size_of_sprintf                   (abs)        000000
__size_of_strcat                    (abs)        000000
__size_of_strchr                    (abs)        000000
__size_of_strcpy                    (abs)        000000
__size_of_strlen                    (abs)        000000
__size_of_strncmp                   (abs)        000000
__size_of_strncpy                   (abs)        000000
__size_of_strstr                    (abs)        000000
__size_of_uart_char_write           (abs)        000000
__size_of_uart_init                 (abs)        000000
__size_of_uart_read_int             (abs)        000000
__size_of_uart_text_write           (abs)        000000
__smallconst                        smallconst   000000
_adc_value                          bssCOMRAM    000035
_adc_value_text                     bssCOMRAM    000041
_ap_and_station_mode                text24       001306
_check_connected_ap                 text23       0013EA
_check_ok                           text8        0014AA
_close_command                      bssBANK1     000178
_code                               dataBANK1    0001B8
_config                             text16       001126
_connected_to_ap                    text21       000E98
_connected_to_thingspeak            text15       0013C6
_connection_id                      bssCOMRAM    000047
_counter_text                       dataCOMRAM   000051
_data_len                           bssCOMRAM    000037
_data_ready                         bssCOMRAM    00003A
_disconnect_ap                      text20       0012CE
_do_move                            text14       00009A
_dpowers                            mediumconst  00BEAA
_find_get_string                    text9        000F86
_find_string                        text29       00086A
_main                               text0        000364
_memset                             text28       00133E
_mult_connection                    text19       001296
_new_line                           text22       001514
_password                           dataCOMRAM   00004D
_port                               mediumconst  00BEEE
_reset_buff                         text27       001376
_reset_wifi                         text18       00140C
_response_success                   text25       000954
_rx_buff                            bssBIGRAM    00025A
_send_command                       bssBANK0     0000CE
_send_data_direct                   text2        000622
_send_req_data                      text1        0004C4
_size_data                          bssCOMRAM    000033
_size_data_text                     bssCOMRAM    00003B
_sprintf                            text5        000200
_strcat                             text4        000FF8
_strchr                             text12       0011C4
_strcpy                             text3        00125A
_strlen                             text30       001176
_strncmp                            text11       000C60
_strncpy                            text13       000E14
_strstr                             text10       000BBA
_tcp_web                            dataBANK1    00018C
_tmp                                bssCOMRAM    000039
_uart_char_write                    text33       001428
_uart_init                          text34       0014D6
_uart_read_int                      text26       001492
_uart_text_write                    text32       000D8C
_webpage_text1                      dataCOMRAM   000056
_webpage_text2                      dataBANK0    0000EA
btemp                               temp         00005B
do_move@dir                         cstackCOMRAM 000003
do_move@i                           cstackCOMRAM 000007
end_of_initialization               cinit        000BAC
find_get_string@_from               cstackCOMRAM 000016
find_get_string@_to                 cstackCOMRAM 000019
find_get_string@from                cstackCOMRAM 000014
find_get_string@get_text            cstackCOMRAM 00001A
find_get_string@length              cstackCOMRAM 00001E
find_get_string@p1                  cstackCOMRAM 00001F
find_get_string@p2                  cstackCOMRAM 00001C
find_get_string@string              cstackCOMRAM 000012
find_get_string@to                  cstackCOMRAM 000017
find_string@index_string            cstackCOMRAM 000014
find_string@length_of_string        cstackCOMRAM 00000E
find_string@length_of_string_find   cstackCOMRAM 000010
find_string@mathced                 cstackCOMRAM 000012
find_string@string                  cstackCOMRAM 000007
find_string@string_find             cstackCOMRAM 000009
int$flags                           temp         00005B
intlevel0                           text         000000
intlevel1                           text         000000
intlevel2                           text         000000
intlevel3                           text         000000
main@data_acc                       cstackCOMRAM 00002F
main@direction_data                 cstackCOMRAM 00002D
main@i                              cstackCOMRAM 000031
memset@c                            cstackCOMRAM 000005
memset@n                            cstackCOMRAM 000007
memset@p                            cstackCOMRAM 000009
memset@p1                           cstackCOMRAM 000003
response_success@result             cstackCOMRAM 000016
send_data_direct@RF6                cstackCOMRAM 00001E
send_data_direct@data_1             cstackCOMRAM 00001C
send_data_direct@id_str             cstackCOMRAM 000020
send_data_direct@send_command_1     cstackCOMRAM 000024
send_data_direct@size_data_num      cstackCOMRAM 000024
send_data_direct@size_data_text_num cstackCOMRAM 000026
send_req_data@F4865                 dataBANK0    0000E2
send_req_data@F4868                 dataBANK2    000200
send_req_data@data_of_direction     cstackBANK0  0000C2
send_req_data@direction_            cstackBANK0  0000CC
send_req_data@id_                   cstackBANK0  0000BA
send_req_data@link_req              cstackBANK0  000060
sprintf@ap                          cstackCOMRAM 000016
sprintf@c                           cstackCOMRAM 00001B
sprintf@f                           cstackCOMRAM 000011
sprintf@flag                        cstackCOMRAM 000015
sprintf@prec                        cstackCOMRAM 00001A
sprintf@sp                          cstackCOMRAM 00000F
sprintf@val                         cstackCOMRAM 000018
stackhi                             (abs)        000F5F
stacklo                             (abs)        00044E
start                               init         000096
start_initialization                cinit        000AF4
strcat@cp                           cstackCOMRAM 000007
strcat@from                         cstackCOMRAM 000005
strcat@to                           cstackCOMRAM 000003
strchr@chr                          cstackCOMRAM 000005
strchr@ptr                          cstackCOMRAM 000003
strcpy@cp                           cstackCOMRAM 000007
strcpy@from                         cstackCOMRAM 000005
strcpy@to                           cstackCOMRAM 000003
strlen@cp                           cstackCOMRAM 000005
strlen@s                            cstackCOMRAM 000003
strncmp@len                         cstackCOMRAM 00000B
strncmp@s1                          cstackCOMRAM 000007
strncmp@s2                          cstackCOMRAM 000009
strncpy@cp                          cstackCOMRAM 000009
strncpy@from                        cstackCOMRAM 000005
strncpy@size                        cstackCOMRAM 000007
strncpy@to                          cstackCOMRAM 000003
strstr@s1                           cstackCOMRAM 00000E
strstr@s2                           cstackCOMRAM 000010
ttemp5                              temp         00005C
ttemp6                              temp         00005F
ttemp7                              temp         000063
uart_char_write@RF6                 cstackCOMRAM 000003
uart_text_write@RF6                 cstackCOMRAM 000003
uart_text_write@i                   cstackCOMRAM 000007
wtemp8                              temp         00005C


FUNCTION INFORMATION:

 *************** function _main *****************
 Defined at:
		line 1293 in file "newmain.c"
 Parameters:    Size  Location     Type
		None
 Auto vars:     Size  Location     Type
  i               2   48[COMRAM] int 
  data_acc        2   46[COMRAM] int 
  direction_da    2   44[COMRAM] int 
 Return value:  Size  Location     Type
                  1    wreg      void 
 Registers used:
		wreg, fsr0l, fsr0h, fsr1l, fsr1h, fsr2l, fsr2h, status,2, status,0, tblptrl, tblptrh, tblptru, prodl, prodh, cstack
 Tracked objects:
		On entry : 
		On exit  : 
		Unchanged: 
 Data sizes:     COMRAM   BANK0   BANK1   BANK2   BANK3   BANK4   BANK5   BANK6   BANK7   BANK8   BANK9  BANK10  BANK11  BANK12  BANK13  BANK14  BANK15
      Params:         0       0       0       0       0       0       0       0       0       0       0       0       0       0       0       0       0
      Locals:         6       0       0       0       0       0       0       0       0       0       0       0       0       0       0       0       0
      Temps:          2       0       0       0       0       0       0       0       0       0       0       0       0       0       0       0       0
      Totals:         8       0       0       0       0       0       0       0       0       0       0       0       0       0       0       0       0
Total ram usage:        8 bytes
 Hardware stack levels required when called:    7
 This function calls:
		_MPU6050_Init
		_MPU6050_Read
		_WiFi_Config
		_config
		_connected_to_thingspeak
		_do_move
		_send_req_data
 This function is called by:
		Startup code after reset
 This function uses a non-reentrant model


 *************** function _send_req_data *****************
 Defined at:
		line 1055 in file "newmain.c"
 Parameters:    Size  Location     Type
		None
 Auto vars:     Size  Location     Type
  link_req       90    0[BANK0 ] unsigned char [90]
  data_of_dire   10   98[BANK0 ] unsigned char [10]
  id_             8   90[BANK0 ] unsigned char [8]
  direction_      2  108[BANK0 ] int 
 Return value:  Size  Location     Type
                  2   39[COMRAM] int 
 Registers used:
		wreg, fsr0l, fsr0h, fsr1l, fsr1h, fsr2l, fsr2h, status,2, status,0, tblptrl, tblptrh, tblptru, prodl, prodh, cstack
 Tracked objects:
		On entry : 
		On exit  : 
		Unchanged: 
 Data sizes:     COMRAM   BANK0   BANK1   BANK2   BANK3   BANK4   BANK5   BANK6   BANK7   BANK8   BANK9  BANK10  BANK11  BANK12  BANK13  BANK14  BANK15
      Params:         2       0       0       0       0       0       0       0       0       0       0       0       0       0       0       0       0
      Locals:         0     110       0       0       0       0       0       0       0       0       0       0       0       0       0       0       0
      Temps:          1       0       0       0       0       0       0       0       0       0       0       0       0       0       0       0       0
      Totals:         3     110       0       0       0       0       0       0       0       0       0       0       0       0       0       0       0
Total ram usage:      113 bytes
 Hardware stack levels used:    1
 Hardware stack levels required when called:    6
 This function calls:
		_find_get_string
		_find_string
		_reset_buff
		_send_data_direct
 This function is called by:
		_main
 This function uses a non-reentrant model


 *************** function _send_data_direct *****************
 Defined at:
		line 988 in file "newmain.c"
 Parameters:    Size  Location     Type
  data_1          2   27[COMRAM] PTR unsigned char 
		 -> send_req_data@link_req(90), 
  RF6             2   29[COMRAM] int 
  id_str          2   31[COMRAM] PTR unsigned char 
		 -> send_req_data@id_(8), send_data_when_ordered@connection_id_(6), 
 Auto vars:     Size  Location     Type
  size_data_te    2   37[COMRAM] PTR unsigned char 
  size_data_nu    2   35[COMRAM] unsigned int 
  send_command    0   35[COMRAM] unsigned char [0]
  closed_data     0    0        unsigned char [0]
 Return value:  Size  Location     Type
                  1    wreg      void 
 Registers used:
		wreg, fsr0l, fsr0h, fsr2l, fsr2h, status,2, status,0, tblptrl, tblptrh, tblptru, prodl, prodh, cstack
 Tracked objects:
		On entry : 
		On exit  : 
		Unchanged: 
 Data sizes:     COMRAM   BANK0   BANK1   BANK2   BANK3   BANK4   BANK5   BANK6   BANK7   BANK8   BANK9  BANK10  BANK11  BANK12  BANK13  BANK14  BANK15
      Params:         6       0       0       0       0       0       0       0       0       0       0       0       0       0       0       0       0
      Locals:         4       0       0       0       0       0       0       0       0       0       0       0       0       0       0       0       0
      Temps:          2       0       0       0       0       0       0       0       0       0       0       0       0       0       0       0       0
      Totals:        12       0       0       0       0       0       0       0       0       0       0       0       0       0       0       0       0
Total ram usage:       12 bytes
 Hardware stack levels used:    1
 Hardware stack levels required when called:    5
 This function calls:
		_check_ok
		_new_line
		_reset_buff
		_sprintf
		_strcat
		_strcpy
		_strlen
		_uart_text_write
 This function is called by:
		_send_req_data
		_send_data_when_ordered
 This function uses a non-reentrant model


 *************** function _strcpy *****************
 Defined at:
		line 8 in file "C:\Program Files\Microchip\xc8\v2.31\pic\sources\c90\common\strcpy.c"
 Parameters:    Size  Location     Type
  to              2    2[COMRAM] PTR unsigned char 
		 -> send_data_direct@send_command_1(0), close_command(20), send_command(20), 
  from            2    4[COMRAM] PTR const unsigned char 
		 -> STR_44(12), STR_42(12), STR_36(12), STR_34(13), 
		 -> STR_28(12), 
 Auto vars:     Size  Location     Type
  cp              2    6[COMRAM] PTR unsigned char 
		 -> send_data_direct@send_command_1(0), close_command(20), send_command(20), 
 Return value:  Size  Location     Type
                  2    2[COMRAM] PTR unsigned char 
 Registers used:
		wreg, fsr2l, fsr2h, status,2, status,0, tblptrl, tblptrh, tblptru
 Tracked objects:
		On entry : 
		On exit  : 
		Unchanged: 
 Data sizes:     COMRAM   BANK0   BANK1   BANK2   BANK3   BANK4   BANK5   BANK6   BANK7   BANK8   BANK9  BANK10  BANK11  BANK12  BANK13  BANK14  BANK15
      Params:         4       0       0       0       0       0       0       0       0       0       0       0       0       0       0       0       0
      Locals:         2       0       0       0       0       0       0       0       0       0       0       0       0       0       0       0       0
      Temps:          0       0       0       0       0       0       0       0       0       0       0       0       0       0       0       0       0
      Totals:         6       0       0       0       0       0       0       0       0       0       0       0       0       0       0       0       0
Total ram usage:        6 bytes
 Hardware stack levels used:    1
 Hardware stack levels required when called:    1
 This function calls:
		Nothing
 This function is called by:
		_send_data_direct
		_send_adc_value
		_check_webpage_request_2
		_get_sending_command
 This function uses a non-reentrant model


 *************** function _strcat *****************
 Defined at:
		line 8 in file "C:\Program Files\Microchip\xc8\v2.31\pic\sources\c90\common\strcat.c"
 Parameters:    Size  Location     Type
  to              2    2[COMRAM] PTR unsigned char 
		 -> send_data_direct@send_command_1(0), close_command(20), send_command(20), 
  from            2    4[COMRAM] PTR const unsigned char 
		 -> send_req_data@id_(8), STR_46(3), STR_45(2), STR_43(3), 
		 -> send_data_when_ordered@connection_id_(6), STR_37(2), get_sending_command@_send_data_size(10), connection_id(6), 
		 -> STR_29(3), size_data_text(6), 
 Auto vars:     Size  Location     Type
  cp              2    6[COMRAM] PTR unsigned char 
		 -> send_data_direct@send_command_1(0), close_command(20), send_command(20), 
 Return value:  Size  Location     Type
                  2    2[COMRAM] PTR unsigned char 
 Registers used:
		wreg, fsr0l, fsr0h, fsr2l, fsr2h, status,2, status,0, tblptrl, tblptrh, tblptru
 Tracked objects:
		On entry : 
		On exit  : 
		Unchanged: 
 Data sizes:     COMRAM   BANK0   BANK1   BANK2   BANK3   BANK4   BANK5   BANK6   BANK7   BANK8   BANK9  BANK10  BANK11  BANK12  BANK13  BANK14  BANK15
      Params:         4       0       0       0       0       0       0       0       0       0       0       0       0       0       0       0       0
      Locals:         2       0       0       0       0       0       0       0       0       0       0       0       0       0       0       0       0
      Temps:          0       0       0       0       0       0       0       0       0       0       0       0       0       0       0       0       0
      Totals:         6       0       0       0       0       0       0       0       0       0       0       0       0       0       0       0       0
Total ram usage:        6 bytes
 Hardware stack levels used:    1
 Hardware stack levels required when called:    1
 This function calls:
		Nothing
 This function is called by:
		_send_data_direct
		_send_adc_value
		_check_webpage_request_2
		_get_sending_command
 This function uses a non-reentrant model


 *************** function _sprintf *****************
 Defined at:
		line 505 in file "C:\Program Files\Microchip\xc8\v2.31\pic\sources\c90\common\doprnt.c"
 Parameters:    Size  Location     Type
  sp              2   14[COMRAM] PTR unsigned char 
		 -> get_sending_command@_send_data_size(10), size_data_text(6), 
  f               2   16[COMRAM] PTR const unsigned char 
		 -> STR_41(3), STR_35(3), STR_27(3), 
 Auto vars:     Size  Location     Type
  tmpval          4    0        struct .
  cp              3    0        PTR const unsigned char 
  val             2   23[COMRAM] unsigned int 
  ap              2   21[COMRAM] PTR void [1]
		 -> ?_sprintf(2), 
  len             2    0        unsigned int 
  c               1   26[COMRAM] unsigned char 
  prec            1   25[COMRAM] char 
  flag            1   20[COMRAM] unsigned char 
 Return value:  Size  Location     Type
                  2   14[COMRAM] int 
 Registers used:
		wreg, fsr2l, fsr2h, status,2, status,0, tblptrl, tblptrh, tblptru, prodl, prodh, cstack
 Tracked objects:
		On entry : 
		On exit  : 
		Unchanged: 
 Data sizes:     COMRAM   BANK0   BANK1   BANK2   BANK3   BANK4   BANK5   BANK6   BANK7   BANK8   BANK9  BANK10  BANK11  BANK12  BANK13  BANK14  BANK15
      Params:         6       0       0       0       0       0       0       0       0       0       0       0       0       0       0       0       0
      Locals:         7       0       0       0       0       0       0       0       0       0       0       0       0       0       0       0       0
      Temps:          0       0       0       0       0       0       0       0       0       0       0       0       0       0       0       0       0
      Totals:        13       0       0       0       0       0       0       0       0       0       0       0       0       0       0       0       0
Total ram usage:       13 bytes
 Hardware stack levels used:    1
 Hardware stack levels required when called:    2
 This function calls:
		___lwdiv
		___lwmod
 This function is called by:
		_send_data_direct
		_send_adc_value
		_get_sending_command
 This function uses a non-reentrant model


 *************** function ___lwmod *****************
 Defined at:
		line 7 in file "C:\Program Files\Microchip\xc8\v2.31\pic\sources\c90\common\lwmod.c"
 Parameters:    Size  Location     Type
  dividend        2    9[COMRAM] unsigned int 
  divisor         2   11[COMRAM] unsigned int 
 Auto vars:     Size  Location     Type
  counter         1   13[COMRAM] unsigned char 
 Return value:  Size  Location     Type
                  2    9[COMRAM] unsigned int 
 Registers used:
		wreg, status,2, status,0
 Tracked objects:
		On entry : 
		On exit  : 
		Unchanged: 
 Data sizes:     COMRAM   BANK0   BANK1   BANK2   BANK3   BANK4   BANK5   BANK6   BANK7   BANK8   BANK9  BANK10  BANK11  BANK12  BANK13  BANK14  BANK15
      Params:         4       0       0       0       0       0       0       0       0       0       0       0       0       0       0       0       0
      Locals:         1       0       0       0       0       0       0       0       0       0       0       0       0       0       0       0       0
      Temps:          0       0       0       0       0       0       0       0       0       0       0       0       0       0       0       0       0
      Totals:         5       0       0       0       0       0       0       0       0       0       0       0       0       0       0       0       0
Total ram usage:        5 bytes
 Hardware stack levels used:    1
 Hardware stack levels required when called:    1
 This function calls:
		Nothing
 This function is called by:
		_sprintf
 This function uses a non-reentrant model


 *************** function ___lwdiv *****************
 Defined at:
		line 7 in file "C:\Program Files\Microchip\xc8\v2.31\pic\sources\c90\common\lwdiv.c"
 Parameters:    Size  Location     Type
  dividend        2    2[COMRAM] unsigned int 
  divisor         2    4[COMRAM] unsigned int 
 Auto vars:     Size  Location     Type
  quotient        2    6[COMRAM] unsigned int 
  counter         1    8[COMRAM] unsigned char 
 Return value:  Size  Location     Type
                  2    2[COMRAM] unsigned int 
 Registers used:
		wreg, status,2, status,0
 Tracked objects:
		On entry : 
		On exit  : 
		Unchanged: 
 Data sizes:     COMRAM   BANK0   BANK1   BANK2   BANK3   BANK4   BANK5   BANK6   BANK7   BANK8   BANK9  BANK10  BANK11  BANK12  BANK13  BANK14  BANK15
      Params:         4       0       0       0       0       0       0       0       0       0       0       0       0       0       0       0       0
      Locals:         3       0       0       0       0       0       0       0       0       0       0       0       0       0       0       0       0
      Temps:          0       0       0       0       0       0       0       0       0       0       0       0       0       0       0       0       0
      Totals:         7       0       0       0       0       0       0       0       0       0       0       0       0       0       0       0       0
Total ram usage:        7 bytes
 Hardware stack levels used:    1
 Hardware stack levels required when called:    1
 This function calls:
		Nothing
 This function is called by:
		_sprintf
 This function uses a non-reentrant model


 *************** function _check_ok *****************
 Defined at:
		line 964 in file "newmain.c"
 Parameters:    Size  Location     Type
		None
 Auto vars:     Size  Location     Type
		None
 Return value:  Size  Location     Type
                  1    wreg      void 
 Registers used:
		wreg, fsr0l, fsr0h, fsr2l, fsr2h, status,2, status,0, tblptrl, tblptrh, tblptru, cstack
 Tracked objects:
		On entry : 
		On exit  : 
		Unchanged: 
 Data sizes:     COMRAM   BANK0   BANK1   BANK2   BANK3   BANK4   BANK5   BANK6   BANK7   BANK8   BANK9  BANK10  BANK11  BANK12  BANK13  BANK14  BANK15
      Params:         0       0       0       0       0       0       0       0       0       0       0       0       0       0       0       0       0
      Locals:         0       0       0       0       0       0       0       0       0       0       0       0       0       0       0       0       0
      Temps:          0       0       0       0       0       0       0       0       0       0       0       0       0       0       0       0       0
      Totals:         0       0       0       0       0       0       0       0       0       0       0       0       0       0       0       0       0
Total ram usage:        0 bytes
 Hardware stack levels used:    1
 Hardware stack levels required when called:    4
 This function calls:
		_response_success
 This function is called by:
		_send_data_direct
 This function uses a non-reentrant model


 *************** function _find_get_string *****************
 Defined at:
		line 480 in file "newmain.c"
 Parameters:    Size  Location     Type
  string          2   17[COMRAM] PTR unsigned char 
		 -> rx_buff(500), 
  from            2   19[COMRAM] PTR unsigned char 
		 -> STR_47(6), STR_39(6), STR_32(6), STR_14(9), 
		 -> STR_12(8), STR_10(8), STR_8(7), 
  _from           1   21[COMRAM] unsigned char 
  to              2   22[COMRAM] PTR unsigned char 
		 -> STR_48(2), STR_40(2), STR_33(2), STR_15(2), 
		 -> STR_13(2), STR_11(2), STR_9(2), 
  _to             1   24[COMRAM] unsigned char 
  get_text        2   25[COMRAM] PTR unsigned char 
		 -> send_req_data@data_of_direction(10), send_data_when_ordered@connection_id_(6), connection_id(6), STAMAC(30), 
		 -> STAIP(30), APMAC(30), APIP(30), 
 Auto vars:     Size  Location     Type
  p1              2   30[COMRAM] PTR unsigned char 
		 -> NULL(0), rx_buff(500), 
  p2              2   27[COMRAM] PTR unsigned char 
		 -> NULL(0), rx_buff(500), 
  length          1   29[COMRAM] unsigned char 
 Return value:  Size  Location     Type
                  1    wreg      void 
 Registers used:
		wreg, fsr0l, fsr0h, fsr1l, fsr1h, fsr2l, fsr2h, status,2, status,0, tblptrl, tblptrh, tblptru, cstack
 Tracked objects:
		On entry : 
		On exit  : 
		Unchanged: 
 Data sizes:     COMRAM   BANK0   BANK1   BANK2   BANK3   BANK4   BANK5   BANK6   BANK7   BANK8   BANK9  BANK10  BANK11  BANK12  BANK13  BANK14  BANK15
      Params:        10       0       0       0       0       0       0       0       0       0       0       0       0       0       0       0       0
      Locals:         5       0       0       0       0       0       0       0       0       0       0       0       0       0       0       0       0
      Temps:          0       0       0       0       0       0       0       0       0       0       0       0       0       0       0       0       0
      Totals:        15       0       0       0       0       0       0       0       0       0       0       0       0       0       0       0       0
Total ram usage:       15 bytes
 Hardware stack levels used:    1
 Hardware stack levels required when called:    3
 This function calls:
		_strncpy
		_strstr
 This function is called by:
		_send_req_data
		_Get_IP_MAC
		_check_webpage_request_2
		_send_data_when_ordered
 This function uses a non-reentrant model


 *************** function _strstr *****************
 Defined at:
		line 4 in file "C:\Program Files\Microchip\xc8\v2.31\pic\sources\c90\common\strstr.c"
 Parameters:    Size  Location     Type
  s1              2   13[COMRAM] PTR const unsigned char 
		 -> NULL(0), rx_buff(500), 
  s2              2   15[COMRAM] PTR const unsigned char 
		 -> STR_48(2), STR_47(6), STR_40(2), STR_39(6), 
		 -> STR_33(2), STR_32(6), STR_15(2), STR_14(9), 
		 -> STR_13(2), STR_12(8), STR_11(2), STR_10(8), 
		 -> STR_9(2), STR_8(7), 
 Auto vars:     Size  Location     Type
		None
 Return value:  Size  Location     Type
                  2   13[COMRAM] PTR unsigned char 
 Registers used:
		wreg, fsr0l, fsr0h, fsr2l, fsr2h, status,2, status,0, tblptrl, tblptrh, tblptru, cstack
 Tracked objects:
		On entry : 
		On exit  : 
		Unchanged: 
 Data sizes:     COMRAM   BANK0   BANK1   BANK2   BANK3   BANK4   BANK5   BANK6   BANK7   BANK8   BANK9  BANK10  BANK11  BANK12  BANK13  BANK14  BANK15
      Params:         4       0       0       0       0       0       0       0       0       0       0       0       0       0       0       0       0
      Locals:         0       0       0       0       0       0       0       0       0       0       0       0       0       0       0       0       0
      Temps:          0       0       0       0       0       0       0       0       0       0       0       0       0       0       0       0       0
      Totals:         4       0       0       0       0       0       0       0       0       0       0       0       0       0       0       0       0
Total ram usage:        4 bytes
 Hardware stack levels used:    1
 Hardware stack levels required when called:    2
 This function calls:
		_strchr
		_strlen
		_strncmp
 This function is called by:
		_find_get_string
 This function uses a non-reentrant model


 *************** function _strncmp *****************
 Defined at:
		line 4 in file "C:\Program Files\Microchip\xc8\v2.31\pic\sources\c90\common\strncmp.c"
 Parameters:    Size  Location     Type
  s1              2    6[COMRAM] PTR const unsigned char 
		 -> NULL(0), rx_buff(500), 
  s2              2    8[COMRAM] PTR const unsigned char 
		 -> STR_48(2), STR_47(6), STR_40(2), STR_39(6), 
		 -> STR_33(2), STR_32(6), STR_15(2), STR_14(9), 
		 -> STR_13(2), STR_12(8), STR_11(2), STR_10(8), 
		 -> STR_9(2), STR_8(7), 
  len             2   10[COMRAM] unsigned int 
 Auto vars:     Size  Location     Type
		None
 Return value:  Size  Location     Type
                  2    6[COMRAM] int 
 Registers used:
		wreg, fsr2l, fsr2h, status,2, status,0, tblptrl, tblptrh, tblptru
 Tracked objects:
		On entry : 
		On exit  : 
		Unchanged: 
 Data sizes:     COMRAM   BANK0   BANK1   BANK2   BANK3   BANK4   BANK5   BANK6   BANK7   BANK8   BANK9  BANK10  BANK11  BANK12  BANK13  BANK14  BANK15
      Params:         6       0       0       0       0       0       0       0       0       0       0       0       0       0       0       0       0
      Locals:         0       0       0       0       0       0       0       0       0       0       0       0       0       0       0       0       0
      Temps:          1       0       0       0       0       0       0       0       0       0       0       0       0       0       0       0       0
      Totals:         7       0       0       0       0       0       0       0       0       0       0       0       0       0       0       0       0
Total ram usage:        7 bytes
 Hardware stack levels used:    1
 Hardware stack levels required when called:    1
 This function calls:
		Nothing
 This function is called by:
		_strstr
 This function uses a non-reentrant model


 *************** function _strchr *****************
 Defined at:
		line 4 in file "C:\Program Files\Microchip\xc8\v2.31\pic\sources\c90\common\strchr.c"
 Parameters:    Size  Location     Type
  ptr             2    2[COMRAM] PTR const unsigned char 
		 -> NULL(0), rx_buff(500), 
  chr             2    4[COMRAM] int 
 Auto vars:     Size  Location     Type
		None
 Return value:  Size  Location     Type
                  2    2[COMRAM] PTR unsigned char 
 Registers used:
		wreg, fsr2l, fsr2h, status,2, status,0
 Tracked objects:
		On entry : 
		On exit  : 
		Unchanged: 
 Data sizes:     COMRAM   BANK0   BANK1   BANK2   BANK3   BANK4   BANK5   BANK6   BANK7   BANK8   BANK9  BANK10  BANK11  BANK12  BANK13  BANK14  BANK15
      Params:         4       0       0       0       0       0       0       0       0       0       0       0       0       0       0       0       0
      Locals:         0       0       0       0       0       0       0       0       0       0       0       0       0       0       0       0       0
      Temps:          1       0       0       0       0       0       0       0       0       0       0       0       0       0       0       0       0
      Totals:         5       0       0       0       0       0       0       0       0       0       0       0       0       0       0       0       0
Total ram usage:        5 bytes
 Hardware stack levels used:    1
 Hardware stack levels required when called:    1
 This function calls:
		Nothing
 This function is called by:
		_strstr
 This function uses a non-reentrant model


 *************** function _strncpy *****************
 Defined at:
		line 8 in file "C:\Program Files\Microchip\xc8\v2.31\pic\sources\c90\common\strncpy.c"
 Parameters:    Size  Location     Type
  to              2    2[COMRAM] PTR unsigned char 
[...]
      Params:         0       0       0       0       0       0       0       0       0       0       0       0       0       0       0       0       0
      Locals:         0       0       0       0       0       0       0       0       0       0       0       0       0       0       0       0       0
      Temps:          0       0       0       0       0       0       0       0       0       0       0       0       0       0       0       0       0
      Totals:         0       0       0       0       0       0       0       0       0       0       0       0       0       0       0       0       0
Total ram usage:        0 bytes
 Hardware stack levels used:    1
 Hardware stack levels required when called:    3
 This function calls:
		_I2C_NACK
 This function is called by:
		_MPU6050_Read
 This function uses a non-reentrant model


 *************** function _I2C_NACK *****************
 Defined at:
		line 1196 in file "newmain.c"
 Parameters:    Size  Location     Type
		None
 Auto vars:     Size  Location     Type
		None
 Return value:  Size  Location     Type
                  1    wreg      void 
 Registers used:
		wreg, status,2, status,0, cstack
 Tracked objects:
		On entry : 
		On exit  : 
		Unchanged: 
 Data sizes:     COMRAM   BANK0   BANK1   BANK2   BANK3   BANK4   BANK5   BANK6   BANK7   BANK8   BANK9  BANK10  BANK11  BANK12  BANK13  BANK14  BANK15
      Params:         0       0       0       0       0       0       0       0       0       0       0       0       0       0       0       0       0
      Locals:         0       0       0       0       0       0       0       0       0       0       0       0       0       0       0       0       0
      Temps:          0       0       0       0       0       0       0       0       0       0       0       0       0       0       0       0       0
      Totals:         0       0       0       0       0       0       0       0       0       0       0       0       0       0       0       0       0
Total ram usage:        0 bytes
 Hardware stack levels used:    1
 Hardware stack levels required when called:    2
 This function calls:
		_I2C_Wait
 This function is called by:
		_I2C_Read_NACK
 This function uses a non-reentrant model


 *************** function _I2C_Read *****************
 Defined at:
		line 1213 in file "newmain.c"
 Parameters:    Size  Location     Type
		None
 Auto vars:     Size  Location     Type
		None
 Return value:  Size  Location     Type
                  1    wreg      unsigned char 
 Registers used:
		wreg, status,2, status,0, cstack
 Tracked objects:
		On entry : 
		On exit  : 
		Unchanged: 
 Data sizes:     COMRAM   BANK0   BANK1   BANK2   BANK3   BANK4   BANK5   BANK6   BANK7   BANK8   BANK9  BANK10  BANK11  BANK12  BANK13  BANK14  BANK15
      Params:         0       0       0       0       0       0       0       0       0       0       0       0       0       0       0       0       0
      Locals:         0       0       0       0       0       0       0       0       0       0       0       0       0       0       0       0       0
      Temps:          0       0       0       0       0       0       0       0       0       0       0       0       0       0       0       0       0
      Totals:         0       0       0       0       0       0       0       0       0       0       0       0       0       0       0       0       0
Total ram usage:        0 bytes
 Hardware stack levels used:    1
 Hardware stack levels required when called:    3
 This function calls:
		_I2C_ACK
 This function is called by:
		_MPU6050_Read
 This function uses a non-reentrant model


 *************** function _I2C_ACK *****************
 Defined at:
		line 1188 in file "newmain.c"
 Parameters:    Size  Location     Type
		None
 Auto vars:     Size  Location     Type
		None
 Return value:  Size  Location     Type
                  1    wreg      void 
 Registers used:
		wreg, status,2, status,0, cstack
 Tracked objects:
		On entry : 
		On exit  : 
		Unchanged: 
 Data sizes:     COMRAM   BANK0   BANK1   BANK2   BANK3   BANK4   BANK5   BANK6   BANK7   BANK8   BANK9  BANK10  BANK11  BANK12  BANK13  BANK14  BANK15
      Params:         0       0       0       0       0       0       0       0       0       0       0       0       0       0       0       0       0
      Locals:         0       0       0       0       0       0       0       0       0       0       0       0       0       0       0       0       0
      Temps:          0       0       0       0       0       0       0       0       0       0       0       0       0       0       0       0       0
      Totals:         0       0       0       0       0       0       0       0       0       0       0       0       0       0       0       0       0
Total ram usage:        0 bytes
 Hardware stack levels used:    1
 Hardware stack levels required when called:    2
 This function calls:
		_I2C_Wait
 This function is called by:
		_I2C_Read
 This function uses a non-reentrant model


 *************** function _MPU6050_Init *****************
 Defined at:
		line 1233 in file "newmain.c"
 Parameters:    Size  Location     Type
		None
 Auto vars:     Size  Location     Type
		None
 Return value:  Size  Location     Type
                  1    wreg      void 
 Registers used:
		wreg, status,2, status,0, cstack
 Tracked objects:
		On entry : 
		On exit  : 
		Unchanged: 
 Data sizes:     COMRAM   BANK0   BANK1   BANK2   BANK3   BANK4   BANK5   BANK6   BANK7   BANK8   BANK9  BANK10  BANK11  BANK12  BANK13  BANK14  BANK15
      Params:         0       0       0       0       0       0       0       0       0       0       0       0       0       0       0       0       0
      Locals:         0       0       0       0       0       0       0       0       0       0       0       0       0       0       0       0       0
      Temps:          2       0       0       0       0       0       0       0       0       0       0       0       0       0       0       0       0
      Totals:         2       0       0       0       0       0       0       0       0       0       0       0       0       0       0       0       0
Total ram usage:        2 bytes
 Hardware stack levels used:    1
 Hardware stack levels required when called:    3
 This function calls:
		_I2C_Master_Init
		_I2C_Master_Stop
		_I2C_Master_Write
		_I2C_Start
 This function is called by:
		_main
 This function uses a non-reentrant model


 *************** function _I2C_Start *****************
 Defined at:
		line 1164 in file "newmain.c"
 Parameters:    Size  Location     Type
		None
 Auto vars:     Size  Location     Type
		None
 Return value:  Size  Location     Type
                  1    wreg      void 
 Registers used:
		wreg, status,2, status,0, cstack
 Tracked objects:
		On entry : 
		On exit  : 
		Unchanged: 
 Data sizes:     COMRAM   BANK0   BANK1   BANK2   BANK3   BANK4   BANK5   BANK6   BANK7   BANK8   BANK9  BANK10  BANK11  BANK12  BANK13  BANK14  BANK15
      Params:         0       0       0       0       0       0       0       0       0       0       0       0       0       0       0       0       0
      Locals:         0       0       0       0       0       0       0       0       0       0       0       0       0       0       0       0       0
      Temps:          0       0       0       0       0       0       0       0       0       0       0       0       0       0       0       0       0
      Totals:         0       0       0       0       0       0       0       0       0       0       0       0       0       0       0       0       0
Total ram usage:        0 bytes
 Hardware stack levels used:    1
 Hardware stack levels required when called:    2
 This function calls:
		_I2C_Wait
 This function is called by:
		_MPU6050_Init
		_MPU6050_Read
 This function uses a non-reentrant model


 *************** function _I2C_Master_Write *****************
 Defined at:
		line 1204 in file "newmain.c"
 Parameters:    Size  Location     Type
  Data            1    wreg     unsigned char 
 Auto vars:     Size  Location     Type
  Data            1    3[COMRAM] unsigned char 
 Return value:  Size  Location     Type
                  1    wreg      void 
 Registers used:
		wreg, status,2, status,0, cstack
 Tracked objects:
		On entry : 
		On exit  : 
		Unchanged: 
 Data sizes:     COMRAM   BANK0   BANK1   BANK2   BANK3   BANK4   BANK5   BANK6   BANK7   BANK8   BANK9  BANK10  BANK11  BANK12  BANK13  BANK14  BANK15
      Params:         0       0       0       0       0       0       0       0       0       0       0       0       0       0       0       0       0
      Locals:         1       0       0       0       0       0       0       0       0       0       0       0       0       0       0       0       0
      Temps:          0       0       0       0       0       0       0       0       0       0       0       0       0       0       0       0       0
      Totals:         1       0       0       0       0       0       0       0       0       0       0       0       0       0       0       0       0
Total ram usage:        1 bytes
 Hardware stack levels used:    1
 Hardware stack levels required when called:    2
 This function calls:
		_I2C_Wait
 This function is called by:
		_MPU6050_Init
		_MPU6050_Read
 This function uses a non-reentrant model


 *************** function _I2C_Master_Stop *****************
 Defined at:
		line 1174 in file "newmain.c"
 Parameters:    Size  Location     Type
		None
 Auto vars:     Size  Location     Type
		None
 Return value:  Size  Location     Type
                  1    wreg      void 
 Registers used:
		wreg, status,2, status,0, cstack
 Tracked objects:
		On entry : 
		On exit  : 
		Unchanged: 
 Data sizes:     COMRAM   BANK0   BANK1   BANK2   BANK3   BANK4   BANK5   BANK6   BANK7   BANK8   BANK9  BANK10  BANK11  BANK12  BANK13  BANK14  BANK15
      Params:         0       0       0       0       0       0       0       0       0       0       0       0       0       0       0       0       0
      Locals:         0       0       0       0       0       0       0       0       0       0       0       0       0       0       0       0       0
      Temps:          0       0       0       0       0       0       0       0       0       0       0       0       0       0       0       0       0
      Totals:         0       0       0       0       0       0       0       0       0       0       0       0       0       0       0       0       0
Total ram usage:        0 bytes
 Hardware stack levels used:    1
 Hardware stack levels required when called:    2
 This function calls:
		_I2C_Wait
 This function is called by:
		_MPU6050_Init
		_MPU6050_Read
 This function uses a non-reentrant model


 *************** function _I2C_Wait *****************
 Defined at:
		line 1159 in file "newmain.c"
 Parameters:    Size  Location     Type
		None
 Auto vars:     Size  Location     Type
		None
 Return value:  Size  Location     Type
                  1    wreg      void 
 Registers used:
		wreg, status,2, status,0
 Tracked objects:
		On entry : 
		On exit  : 
		Unchanged: 
 Data sizes:     COMRAM   BANK0   BANK1   BANK2   BANK3   BANK4   BANK5   BANK6   BANK7   BANK8   BANK9  BANK10  BANK11  BANK12  BANK13  BANK14  BANK15
      Params:         0       0       0       0       0       0       0       0       0       0       0       0       0       0       0       0       0
      Locals:         0       0       0       0       0       0       0       0       0       0       0       0       0       0       0       0       0
      Temps:          1       0       0       0       0       0       0       0       0       0       0       0       0       0       0       0       0
      Totals:         1       0       0       0       0       0       0       0       0       0       0       0       0       0       0       0       0
Total ram usage:        1 bytes
 Hardware stack levels used:    1
 Hardware stack levels required when called:    1
 This function calls:
		Nothing
 This function is called by:
		_I2C_Start
		_I2C_Master_Stop
		_I2C_ACK
		_I2C_NACK
		_I2C_Master_Write
		_I2C_Restart
 This function uses a non-reentrant model


 *************** function _I2C_Master_Init *****************
 Defined at:
		line 1149 in file "newmain.c"
 Parameters:    Size  Location     Type
		None
 Auto vars:     Size  Location     Type
		None
 Return value:  Size  Location     Type
                  1    wreg      void 
 Registers used:
		wreg, status,2
 Tracked objects:
		On entry : 
		On exit  : 
		Unchanged: 
 Data sizes:     COMRAM   BANK0   BANK1   BANK2   BANK3   BANK4   BANK5   BANK6   BANK7   BANK8   BANK9  BANK10  BANK11  BANK12  BANK13  BANK14  BANK15
      Params:         0       0       0       0       0       0       0       0       0       0       0       0       0       0       0       0       0
      Locals:         0       0       0       0       0       0       0       0       0       0       0       0       0       0       0       0       0
      Temps:          0       0       0       0       0       0       0       0       0       0       0       0       0       0       0       0       0
      Totals:         0       0       0       0       0       0       0       0       0       0       0       0       0       0       0       0       0
Total ram usage:        0 bytes
 Hardware stack levels used:    1
 Hardware stack levels required when called:    1
 This function calls:
		Nothing
 This function is called by:
		_MPU6050_Init
 This function uses a non-reentrant model


 *************** function _ISR *****************
 Defined at:
		line 774 in file "newmain.c"
 Parameters:    Size  Location     Type
		None
 Auto vars:     Size  Location     Type
		None
 Return value:  Size  Location     Type
                  1    wreg      void 
 Registers used:
		wreg, fsr2l, fsr2h, status,2, status,0
 Tracked objects:
		On entry : 
		On exit  : 
		Unchanged: 
 Data sizes:     COMRAM   BANK0   BANK1   BANK2   BANK3   BANK4   BANK5   BANK6   BANK7   BANK8   BANK9  BANK10  BANK11  BANK12  BANK13  BANK14  BANK15
      Params:         0       0       0       0       0       0       0       0       0       0       0       0       0       0       0       0       0
      Locals:         0       0       0       0       0       0       0       0       0       0       0       0       0       0       0       0       0
      Temps:          2       0       0       0       0       0       0       0       0       0       0       0       0       0       0       0       0
      Totals:         2       0       0       0       0       0       0       0       0       0       0       0       0       0       0       0       0
Total ram usage:        2 bytes
 Hardware stack levels used:    1
 This function calls:
		Nothing
 This function is called by:
		Interrupt level 2
 This function uses a non-reentrant model



MODULE INFORMATION

Module		Function		Class		Link	Load	Size
C:\Program Files\Microchip\xc8\v2.31\pic\sources\c90\common\strncmp.c
		_strncmp       		CODE           	0C60	0000	150

C:\Program Files\Microchip\xc8\v2.31\pic\sources\c90\common\strncmp.c estimated size: 150

C:\Program Files\Microchip\xc8\v2.31\pic\sources\c90\common\strncpy.c
		_strncpy       		CODE           	0E14	0000	132

C:\Program Files\Microchip\xc8\v2.31\pic\sources\c90\common\strncpy.c estimated size: 132

C:\Program Files\Microchip\xc8\v2.31\pic\sources\c90\common\doprnt.c
		_sprintf       		CODE           	0200	0000	356

C:\Program Files\Microchip\xc8\v2.31\pic\sources\c90\common\doprnt.c estimated size: 356

C:\Program Files\Microchip\xc8\v2.31\pic\sources\c90\common\lwmod.c
		___lwmod       		CODE           	1068	0000	100

C:\Program Files\Microchip\xc8\v2.31\pic\sources\c90\common\lwmod.c estimated size: 100

C:\Program Files\Microchip\xc8\v2.31\pic\sources\c90\common\strstr.c
		_strstr        		CODE           	0BBA	0000	166

C:\Program Files\Microchip\xc8\v2.31\pic\sources\c90\common\strstr.c estimated size: 166

newmain.c
		_new_line      		CODE           	1514	0000	14
		_WiFi_Config   		CODE           	076C	0000	254
		_do_move       		CODE           	009A	0000	358
		_ISR           		CODE           	0008	0000	142
		_reset_buff    		CODE           	1376	0000	42
		_response_success		CODE           	0954	0000	208
		_I2C_Master_Init		CODE           	14C0	0000	22
		_I2C_Master_Stop		CODE           	153E	0000	8
		_main          		CODE           	0364	0000	352
		_connected_to_thingspeak		CODE           	13C6	0000	36
		_uart_init     		CODE           	14D6	0000	18
		_ap_and_station_mode		CODE           	1306	0000	56
		_send_data_direct		CODE           	0622	0000	330
		_uart_read_int 		CODE           	1492	0000	24
		_MPU6050_Read  		CODE           	0A24	0000	208
		_find_string   		CODE           	086A	0000	234
		_MPU6050_Init  		CODE           	0CF6	0000	150
		_connected_to_ap		CODE           	0E98	0000	122
		_config        		CODE           	1126	0000	80
		_I2C_Wait      		CODE           	13A0	0000	38
		_I2C_Read      		CODE           	1478	0000	26
		_find_get_string		CODE           	0F86	0000	114
		_uart_text_write		CODE           	0D8C	0000	136
		_disconnect_ap 		CODE           	12CE	0000	56
		_reset_wifi    		CODE           	140C	0000	28
		_I2C_Read_NACK 		CODE           	145E	0000	26
		_check_ok      		CODE           	14AA	0000	22
		_mult_connection		CODE           	1296	0000	56
		_I2C_ACK       		CODE           	152C	0000	10
		_uart_char_write		CODE           	1428	0000	28
		_I2C_Master_Write		CODE           	14E8	0000	16
		_I2C_NACK      		CODE           	1522	0000	10
		_I2C_Start     		CODE           	1536	0000	8
		_check_connected_ap		CODE           	13EA	0000	34
		_UART_Write_AT 		CODE           	1444	0000	26
		_send_req_data 		CODE           	04C4	0000	350

newmain.c estimated size: 3642

C:\Program Files\Microchip\xc8\v2.31\pic\sources\c90\common\strcat.c
		_strcat        		CODE           	0FF8	0000	112

C:\Program Files\Microchip\xc8\v2.31\pic\sources\c90\common\strcat.c estimated size: 112

C:\Program Files\Microchip\xc8\v2.31\pic\sources\c90\common\lwdiv.c
		___lwdiv       		CODE           	0F12	0000	116

C:\Program Files\Microchip\xc8\v2.31\pic\sources\c90\common\lwdiv.c estimated size: 116

shared
		_ready         		MEDIUMCONST    	0000	0000	0
		_AT_CIFSR      		MEDIUMCONST    	BEC8	0000	9
		_no_change     		MEDIUMCONST    	0000	0000	0
		_AT_CWMODE     		MEDIUMCONST    	BE9F	0000	11
		_AT_CWLAP      		MEDIUMCONST    	BEDA	0000	9
		_dpowers       		MEDIUMCONST    	BEAA	0000	10
		_AT_CIPMUX     		MEDIUMCONST    	BE94	0000	11
		__initialization		CODE           	0AF4	0000	184
		_OK            		MEDIUMCONST    	0000	0000	0
		_port          		MEDIUMCONST    	BEEE	0000	3
		_AT_CWJAP      		MEDIUMCONST    	BEBE	0000	10
		_AT_CIPCLOSE   		MEDIUMCONST    	BE6D	0000	13
		_AT_CIPSTART   		MEDIUMCONST    	BE7A	0000	13
		_AT_CIPSERVER  		MEDIUMCONST    	BE5F	0000	14
		_AT_CIPSTATUS  		MEDIUMCONST    	BE87	0000	13
		_AT_CWSAP      		MEDIUMCONST    	BEB4	0000	10
		_send_ready    		MEDIUMCONST    	0000	0000	0
		_AT_RST        		MEDIUMCONST    	BEE3	0000	7
		_AT_CWQAP      		MEDIUMCONST    	BED1	0000	9

shared estimated size: 326

C:\Program Files\Microchip\xc8\v2.31\pic\sources\c90\common\strlen.c
		_strlen        		CODE           	1176	0000	78

C:\Program Files\Microchip\xc8\v2.31\pic\sources\c90\common\strlen.c estimated size: 78

C:\Program Files\Microchip\xc8\v2.31\pic\sources\c90\common\strchr.c
		_strchr        		CODE           	11C4	0000	76

C:\Program Files\Microchip\xc8\v2.31\pic\sources\c90\common\strchr.c estimated size: 76

C:\Program Files\Microchip\xc8\v2.31\pic\sources\c90\common\strcpy.c
		_strcpy        		CODE           	125A	0000	60

C:\Program Files\Microchip\xc8\v2.31\pic\sources\c90\common\strcpy.c estimated size: 60

C:\Program Files\Microchip\xc8\v2.31\pic\sources\c90\common\memset.c
		_memset        		CODE           	133E	0000	56

C:\Program Files\Microchip\xc8\v2.31\pic\sources\c90\common\memset.c estimated size: 56

